// Jest Snapshot v1, https://goo.gl/fbAQLP

exports[`MainShopCardsComponent main functional component is rendering 1`] = `ShallowWrapper {}`;
